exports[`test renders correctly 1`] = `
<View
  style={
    Object {
      "alignItems": "center",
      "bottom": 0,
      "justifyContent": "flex-end",
      "left": 0,
      "position": "absolute",
      "right": 0,
      "top": 0
    }
  }>
  <View
    style={
      Array [
        Object {
          "alignSelf": "flex-start",
          "borderColor": "red",
          "borderWidth": 1
        },
        Object {
          "bottom": 0,
          "left": 0,
          "position": "absolute",
          "right": 0,
          "top": 0
        }
      ]
    } />
</View>
`;
